; Copyright 2024 Paul Maddern (paul@arcadegeek.co.uk)

[Page:Changelog]
SectionType=BulletPoints

[Changelog:20240123]
-

- Added scene graphics
- Found the helicopter and vehicle handlers (written up some of it)

[Changelog:20240106]
-

- The routine for blanking/ colouring the admin "template"

[Changelog:20240104]
-

- Written up the pause/ quit game controls.
- Written up the selection screen.
- Random number generator.

[Changelog:20231229]
-

- Added CHANGELOG!
