; Copyright 2024 Paul Maddern (paul@arcadegeek.co.uk)

[Fact:interview:Interview with Bob Pape]
<a href="https://worldofspectrum.net/interviews/PapeBob.htm">https://worldofspectrum.net/interviews/PapeBob.htm</a>

[Fact:book:It's Behind You]
Bob Pape's book "It's Behind You" is available for download on his <a href="https://bizzley.42web.io/">website</a>.
